// Jest Snapshot v1, https://goo.gl/fbAQLP

exports[`Loader should match the snapshot 1`] = `
<div
  className="MuiContainer-root MuiContainer-maxWidthLg css-15jobu-MuiContainer-root"
>
  <p
    className="MuiTypography-root MuiTypography-body1 css-1dtp7xy-MuiTypography-root"
  >
    Loading data...
  </p>
  <span
    className="MuiCircularProgress-root MuiCircularProgress-indeterminate MuiCircularProgress-colorPrimary css-18lrjg1-MuiCircularProgress-root"
    role="progressbar"
    style={
      Object {
        "height": 80,
        "width": 80,
      }
    }
  >
    <svg
      className="MuiCircularProgress-svg css-1idz92c-MuiCircularProgress-svg"
      viewBox="22 22 44 44"
    >
      <circle
        className="MuiCircularProgress-circle MuiCircularProgress-circleIndeterminate css-176wh8e-MuiCircularProgress-circle"
        cx={44}
        cy={44}
        fill="none"
        r={20.2}
        strokeWidth={3.6}
        style={Object {}}
      />
    </svg>
  </span>
</div>
`;
